
[TestNoTinyWrapperFunction/invalid-0 - 1]
Diagnostic 1: tinyWrapper (5:20 - 5:34)
Message: This function only forwards directly to another call. Inline the call instead of creating a wrapper function.
   4 |             }
   5 |             export function createTestStore(redis: { url: string }): ConversationStore {
     |                             ~~~~~~~~~~~~~~~
   6 |                 return new ConversationStore(redis);
---

[TestNoTinyWrapperFunction/invalid-1 - 1]
Diagnostic 1: tinyWrapper (1:58 - 1:86)
Message: This function only forwards directly to another call. Inline the call instead of creating a wrapper function.
   1 | declare function write(file: string): void; const save = (file: string) => write(file);
     |                                                          ~~~~~~~~~~~~~~~~~~~~~~~~~~~~~
---

[TestNoTinyWrapperFunction/invalid-2 - 1]
Diagnostic 1: tinyWrapper (1:14 - 1:20)
Message: This method only forwards directly to another call. Inline the call instead of creating a wrapper function.
   1 | class Repo { persist(value: string) { return write(value) } } declare function write(value: string): string;
     |              ~~~~~~~
---

[TestNoTinyWrapperFunction/invalid-3 - 1]
Diagnostic 1: tinyWrapper (4:11 - 4:17)
Message: This method only forwards directly to another call. Inline the call instead of creating a wrapper function.
   3 |             class Service {
   4 |                 async persist(value: string) {
     |                       ~~~~~~~
   5 |                     return await write(value);
---
